Starting test...
Fetching: https://www.flipkart.com/triggr-wukong-35db-anc-4-mic-enc-dual-pairing-60h-battery-monkey-king-design-v6-0-bluetooth/p/itm807e3e6847070
Status: 403
HTML length: 787
Title: 
Price: 
Images found: 0

Test complete!
